%s:4 PhanInvalidCommentForDeclarationType The phpdoc comment for @var cannot occur on a class
%s:5 PhanInvalidCommentForDeclarationType The phpdoc comment for @param cannot occur on a class
%s:6 PhanInvalidCommentForDeclarationType The phpdoc comment for @return cannot occur on a class
%s:7 PhanMisspelledAnnotation Saw misspelled annotation @phan-forbid-this-is-a-typo, should be one of @phan-assert @phan-assert-true-condition @phan-assert-false-condition @phan-closure-scope @phan-extends @phan-file-suppress @phan-forbid-undeclared-magic-methods @phan-forbid-undeclared-magic-properties @phan-inherits @phan-method @phan-override @phan-param @phan-property @phan-property-read @phan-property-write @phan-read-only @phan-return @phan-suppress @phan-suppress-current-line @phan-suppress-next-line @phan-template @phan-var @phan-write-only
%s:12 PhanUnextractableAnnotationPart Saw unextractable annotation for a fragment of comment '* @method foo(string$invalidType $param1)': 'string$invalidType $param1'
%s:13 PhanUnextractableAnnotation Saw unextractable annotation for comment '* @method unmatched('
%s:15 PhanUnextractableAnnotation Saw unextractable annotation for comment '* @property int (Can't parse the variable name, so silently ignore)'
%s:19 PhanInvalidCommentForDeclarationType The phpdoc comment for @param cannot occur on a property
%s:20 PhanInvalidCommentForDeclarationType The phpdoc comment for @return cannot occur on a property
%s:26 PhanInvalidCommentForDeclarationType The phpdoc comment for @phan-forbid-undeclared-magic-properties cannot occur on a method
%s:27 PhanInvalidCommentForDeclarationType The phpdoc comment for @property cannot occur on a method
%s:28 PhanInvalidCommentForDeclarationType The phpdoc comment for @method cannot occur on a method
%s:28 PhanUnextractableAnnotation Saw unextractable annotation for comment '* @method int $wrongPlaceForMethod'
%s:35 PhanUnextractableAnnotation Saw unextractable annotation for comment '* @param'
%s:36 PhanUnextractableAnnotation Saw unextractable annotation for comment '* @param <>$x $x (not parsable)'
%s:42 PhanUnextractableAnnotation Saw unextractable annotation for comment '* @param <'
%s:43 PhanUnextractableAnnotation Saw unextractable annotation for comment '* @param > */'
