%s:21 PhanTypeMismatchArgumentInternal Argument 1 (var) is 2 but \count() takes \Countable|array
