%s:3 PhanParamMustBeUserDefinedClassname First argument of class_alias() must be a name of user defined class ('%s' attempted)
